---
source: src/modules/nft/data_provider/nft_info.rs
expression: nft
---
Ok(
    Nft {
        token_id: "415815:1",
        owner_account_id: "wippee.near",
        metadata: NftMetadata {
            title: Some(
                "Void Face #166 #1",
            ),
            description: None,
            media: Some(
                "bafkreidjom4f76uepf7rtanl7psx36ocgtp2ks3xir2vaemtyhzs364wji",
            ),
            media_hash: None,
            copies: Some(
                1,
            ),
            extra: None,
            reference: Some(
                "bafkreieg5ow66ophfn72numreyhts5vwuflwh7jhsa6r5zfjldxlkslfli",
            ),
            reference_hash: None,
        },
    },
)
