---
source: src/modules/nft/data_provider/nft_info.rs
expression: nft_count
---
Ok(
    [
        NftCount {
            contract_account_id: AccountId(
                "rocketbois.neartopia.near",
            ),
            nft_count: 5,
            last_updated_at_timestamp_nanos: U128(
                1655620130301539936,
            ),
            contract_metadata: NftContractMetadata {
                spec: "nft-1.0.0",
                name: "RocketBois",
                symbol: "ROCKET",
                icon: None,
                base_uri: Some(
                    "https://bafybeibrteurbwo76af6c4l4jc3k5dvjd7f73l62peonbsni4qibkk27hq.ipfs.dweb.link/",
                ),
                reference: None,
                reference_hash: None,
            },
        },
        NftCount {
            contract_account_id: AccountId(
                "nearrobotics.near",
            ),
            nft_count: 4,
            last_updated_at_timestamp_nanos: U128(
                1655620051115583373,
            ),
            contract_metadata: NftContractMetadata {
                spec: "nft-1.0.0",
                name: "NEAR Robotics",
                symbol: "ROBOT",
                icon: None,
                base_uri: Some(
                    "https://bafybeiafi3h3ntcyrnbahffsueh6gu6pg4b2lrdkxrjxrobilwv3in53n4.ipfs.dweb.link/",
                ),
                reference: None,
                reference_hash: None,
            },
        },
    ],
)
