---
source: src/modules/native/data_provider/balance.rs
expression: balance
---
Ok(
    NearBalanceResponse {
        balance: NearBalance {
            amount: U128(
                99294289393711000000000,
            ),
            metadata: Metadata {
                name: "NEAR blockchain native token",
                symbol: "NEAR",
                icon: Some(
                    "https://raw.githubusercontent.com/near/near-wallet/7ef3c824404282b76b36da2dff4f3e593e7f928d/packages/frontend/src/images/near.svg",
                ),
                decimals: 24,
            },
        },
        block_timestamp_nanos: U64(
            1670867692546051383,
        ),
        block_height: U64(
            80500000,
        ),
    },
)
