---
source: src/modules/ft/data_provider/balance.rs
expression: balance
---
Err(
    Error {
        code: 400,
        message: "Invalid Input: The account `comic.paras.near` does not implement any suitable contract at block 80500000",
        retriable: false,
    },
)
