---
source: src/modules/ft/data_provider/balance.rs
expression: balance
---
Ok(
    [
        FtBalance {
            amount: U128(
                50846392,
            ),
            contract_account_id: AccountId(
                "a0b86991c6218b36c1d19d4a2e9eb0ce3606eb48.factory.bridge.near",
            ),
            metadata: Metadata {
                name: "USD Coin",
                symbol: "USDC.e",
                icon: Some(
                    "data:image/svg+xml,%3Csvg width='32' height='32' viewBox='0 0 32 32' xmlns='http://www.w3.org/2000/svg'%3E%3Cg fill='none'%3E%3Ccircle cx='16' cy='16' r='16' fill='%232775C9'/%3E%3Cpath d='M15.75 27.5C9.26 27.5 4 22.24 4 15.75S9.26 4 15.75 4 27.5 9.26 27.5 15.75A11.75 11.75 0 0115.75 27.5zm-.7-16.11a2.58 2.58 0 00-2.45 2.47c0 1.21.74 2 2.31 2.33l1.1.26c1.07.25 1.51.61 1.51 1.22s-.77 1.21-1.77 1.21a1.9 1.9 0 01-1.8-.91.68.68 0 00-.61-.39h-.59a.35.35 0 00-.28.41 2.73 2.73 0 002.61 2.08v.84a.705.705 0 001.41 0v-.85a2.62 2.62 0 002.59-2.58c0-1.27-.73-2-2.46-2.37l-1-.22c-1-.25-1.47-.58-1.47-1.14 0-.56.6-1.18 1.6-1.18a1.64 1.64 0 011.59.81.8.8 0 00.72.46h.47a.42.42 0 00.31-.5 2.65 2.65 0 00-2.38-2v-.69a.705.705 0 00-1.41 0v.74zm-8.11 4.36a8.79 8.79 0 006 8.33h.14a.45.45 0 00.45-.45v-.21a.94.94 0 00-.58-.87 7.36 7.36 0 010-13.65.93.93 0 00.58-.86v-.23a.42.42 0 00-.56-.4 8.79 8.79 0 00-6.03 8.34zm17.62 0a8.79 8.79 0 00-6-8.32h-.15a.47.47 0 00-.47.47v.15a1 1 0 00.61.9 7.36 7.36 0 010 13.64 1 1 0 00-.6.89v.17a.47.47 0 00.62.44 8.79 8.79 0 005.99-8.34z' fill='%23FFF'/%3E%3C/g%3E%3C/svg%3E",
                ),
                decimals: 6,
            },
        },
        FtBalance {
            amount: U128(
                538350895788967202475229814784,
            ),
            contract_account_id: AccountId(
                "ftv2.nekotoken.near",
            ),
            metadata: Metadata {
                name: "NEKO",
                symbol: "NEKO",
                icon: Some(
                    "data:image/svg+xml,%3Csvg xmlns='http://www.w3.org/2000/svg' xmlns:xlink='http://www.w3.org/1999/xlink' version='1.1' id='Layer_1' x='0px' y='0px' width='46px' height='46px' viewBox='0 0 46 46' enable-background='new 0 0 46 46' xml:space='preserve'%3E%3Cimage id='image0' width='46' height='46' x='0' y='0' href='data:image/png;base64,iVBORw0KGgoAAAANSUhEUgAAAC4AAAAuCAYAAABXuSs3AAAABGdBTUEAALGPC/xhBQAAACBjSFJN AAB6JgAAgIQAAPoAAACA6AAAdTAAAOpgAAA6mAAAF3CculE8AAAABmJLR0QA/wD/AP+gvaeTAAAA CXBIWXMAAC4jAAAuIwF4pT92AAAAB3RJTUUH5gQVFS8KdqrjugAAE7dJREFUaN6dmnmQ3dV15z/3 /ra3d79e1K9b3Y260S7UsiQQmHWMsCFgwQQnMF7whLKcOA5xypSNpybBxGUnM2GSEkk5M2Q8NeUI TBJXGAw4GCwEBkuAkNECtNBGa+n99fr6rb/l3ps/XqtRG+HB/lXdrnqvfv1+n3Peued8z7lP8Gtc n7th7aLXRutYpKKVRpsrpJSXW7a9znGcTttxG6VlxQC00n4URTNhEAwppfu1YZ8QvGZb4rgQ1M7/ vEefP/KhWcSvC2y0Rhu9VCt9o+04t6UbspvbOrrbOro67VxHF9nWDpKpNI7jAZqwOkZ5cj8zY28w Nl5jZCyMxieifLGofxFF5ikpeVZIMSzPI/kwBvxK8EXAxmC07tBa3xVPJO/q6lm+Zv2lV8rVa1fS mhkkJs4gpQG3BxFbASbC1I5C9SCEeTAh2kCtZshPRhw76fPWkaoZHArfqdb0TinFI0IwIj6kAeLD QCOEE4XB7a4Xu2/56ks2Xb31ZtZsuIxk0oWZH2BKezAmQkWaINQEkYNSCmECbFviug6OY2FZ5z/O UK5o3jnus3dfmXcH/IN+YB60bfH/gOD/By9+FbQxBmNMzhh9f1t7190fu/m341uuuYFkugHULHr2 3yiO/JiR0VmGhuaYmixTrfjoSCEwSCGQlsTxHJLpGC2tKTo6MixpTRKPO2AAUTdg/4EqL+4pVcfz 4feFEN8WgtFz3r8QvPhgaI3RZq20rL9b+5HLtt76n+6mu2cFqClU6QCjJ5/j7YOvcfrUJEQRLRmX tmaPbMYjEbOwpQCtiUJFrRpRLIXMliIKPlgJj86eZlasaKGxIUbdAsPQSMRTzxU5crT2gtZ8RQj6 PwhefBC01maT47jfu/JjN27adufdpDMupvgyk2ee5fW9r3Py5DjNaY81FzfS2Z4mmXSRlgUCjKkv bcBog1YGHURE1YDaXI3ZmRqjswElIele0czaNa3EYzZgKFXg354v88rr5YNhxHYpOHAhePF+aIPR eq3tuI/8h9+6bdMn7/g9Yo5PNPkD+vf/mD173iXmWFzW18ZFnWlcx677y5j5/1+8tAFjxPw9oCND VA0IZqvMTdcYnqkRJW02bM7R3pZCYAgiwTMvVvnZ3srBKDJ3Xcjz1jnwvt7Wc+A5adnfu2rrzVfd 9pkvEnMq1Ea/z8s//SGvvHKG1T1Zrr+yi9ySJELUgd7bbu8HN0Ysfo1AOjZ20sONu6SkDWXNiYEZ jG3INnpYQtPb7VCpifbBkXC1MewSghLAmwMT74Gfl0EcrfV/W79hxZ133HUnSess1bHH2P3Mj+h/ e5zrtnSweX0brisvuNPrYO8ZoH8Zet5KraHia+Z8Q2BJXGGTjGzODhYJULQ0edhCc1GXw/iU6RnP q4SU7AJUX28rbw5MYJ//UKXMp3Jt7t3bbqiR8v+BYK7Eyy8c49jRCa7d0snS9gyD4zWCUNPU4NCU cRDi/JA437OLjTj3Xs3XvHF0jr1vVZkqxVEqpLvJ57reFLlYA2f7S1gWrOxtIGErbr7OJT8R3T2a j35uSfFP50LGei+26XBd+fe3fDzT1bfOweiAAweH2bdvkC0b2kkkEzz+wiRP7DG8fjLFnsNlxvIF upa4JGP2+8AXeXveAD/QPPXzKfae6mH5xt9h06Wf4KqP38HZqRh79h9gZYtHox1nZKxMosGQTtik YxrLtuwTp/XFSvFjISj29bZi9fW2og1obf5o9Qrvc9tuzOA4kpGROZ597jirerLkco3836enCBtv 5t4/3cFtd3yBjR/dxqmJDE/vOszS5oDWRg+tPyCu59cLv5jhWPEyNq6+muDxZ1jz+D8ze/woV/3h l3lnsMj4wDssX5LCUi6j0yWW5GwcS9DSYBgcM7n8tJlEsEcI5sG1WRqPy7/edlOmtbvLJfAVu54/ iQ4jrrx0KS8dKDAcXsHfPPQ/GTp0kEN/+RfMvHuSm7Z/kRXrt/JPT7xKW3qW5kYPrS8c12dGK+w9 fTHrV13H4Hcf5TMDR7iiUqBrcJB9o6Os/uxdPPeTZ+lrj+FIB79sUaXCkhYH1zLY0nDsNB2R4kkp mJPzm+Wm7k5nzarlLkZpBgamOHN6mkvXL8GxLQ4cD/nUnf+Z46/vY/gLX+Q/PvkkV3/3u7z06U+T TSe55788zE/f6mR8yl/YLwvxAWhtOHTKY8vVd3D2X3dxzeQ4y3WZUAgywLJXXiEWhrhNXUzPRSgt 8ESc8VMWM7M1tFKs6NR0tZnVWvNbAFJrYrYtbutbGxMJzxD4IYffHKU549LTlcEPNOXAo7Orizef eJrG2ZCYkHQIwa379nHg859H6og7f/9B9h7LMlfyKRR98tM1hvIVhsYrnDxbpKnn48jBGRJHBviI KiDnrTJC0F4qEY0M09TezXQpQiuJ1hJRTXHmdIhWmrijWLvMCNvmVm2I20qbVU1Ze/PKXhe0ZiJf YmiowEfXtxKLOehCDYSFEDA2OUdOukht0EBaCG4+dIifbN/OFY/+gI03fIMDb/wjXjxDJYwRRBY1 P2C2MIdx4cxLz9ISFTBRBTGfHgyQApicpKGphcqUQWuJUmBpj5FBi+U9AcmYxcUdmkzC2TxTFKts Y7gi12ovacmCVorTZ2YR2tDVnl6orUIIjDFUQ40vrYWiY4CMEHxi3z5e+ON7uH7nI2zech227SAt CykEBoOKFKVykdFPj3Lw1Vf5Xzt3snnPHm7WGlcIPEDOzBBPJwmVqHtcgdaC8kyc/ESBZUsFTSlD a6PdOj0nPiql4PKOnG27lib0IwaH52hOu2Qy3kIZl/PeEcYwJ13UeRJHA83AktdfZ2JkmEQijuva 2JZASrCkwHVtmrJZ1q1dy+e+8AXufeIJTt1/P3+bTlMwhhhgT00hpQVGolR9aS2JfI/RsbpTXUuR yypbCC6Xti3WtbVIhFFUqwHT01VaGmPYTl0NCAFSCixpYVsWU9KjJJ0FdGkM7zoO1S99id41a/gw V2tTE/c+8AC5B/87f5VJMQskp6fRUYglLJQSaC1QSmCUzeSkRRhECKNpbYiwLdZJxxadjWmBUYpy KaBWi2hMekgp58EFFgqhAlzHoSBdzth1MSSMYdDzOHPffVx3//3EXPdDgQNYQnD3HdvY9OU7+ZtE jKhQQFcrOMJG6brHjRGAoFy0qfkKozUNcYVtmU5pOyIb9wxoTaUaopUh7tkL8tS2JLb2YXyARCZF ZOCwm6VqJPlkkvyf/zlXf/ObJGOx+dSnyefzzM7O/krwt/v7+d7D/xvPgtbbr+eHYYCMIlzbPq+Q 1Vfg2/g1DbqeXWyLRmlJPFtqjFKEQYQxYM1vQGMgGZM0ZmD8yEE+cuUl+GmPU8Zlf+dK/P/xIBu/ /vUFT09OTvK1r32NG264ga9+9avs3r0brfX7oHft2sUnb7mF7/zDTvrdblpWXkKYy/B2/1skHHfB 08YIlDFoJQnDOqMlNJYwnjxXMYzWmPmHaPWeta4juWZTgp/seZFNq3J8csd/Ze29v0fnP/8jPX/4 ZVxrQRnz0EMPsWPHDlatWsW3vvUtoiji6NGji6BrtRoPPfQQZ86c4Z577uHPvvlNrvrU57lsVQ+z I4PzGeyc3jHz3hcYXWdknlEqjR9G9bGDLevpLwjMArw2sLYnSY0JJo4dZusVvXzm3rtYuWX9ovap VCqxe/duAK699lq6u7vp6+tjbGxsEXi1WmVkZITe3l6SySRhGFKqVOle0szFnW3kizXE/CcrDZE2 SGmw0BilCUNQGl9GkZmp+vW6H3PqKaxUVqjILIRLGBmSXoykLWDgMEyPgbAXAVmWRXNzMw888ADJ ZJLHHnuMhx9+mCiKFt2XyjRw7XXXsXPnTpLJJDfedBP3feWP6MnGubgzx3ixyrkCEum6x21b4UgN 2lDxIdJiVoahGZqdq38NcVfguZJCMSSomveUHpCMeSQSSVh7LfR8BGxnEVA8Hmf79u1s3bqVkZER PvvZz7J//342b9pEeXCQ2f2vMPf6ywRHD7P9t29jemqK559/nlOnTvG7t97CuhW9NKeTlIJoQV0G kUYbiHkBrmUwylAoW0RKDNmRon98ymzRGjwHGtM204UahYmI5rhbj7GaQIQRVd+n4byY/uVr27Zt 9Pf3k0gk2LFjB79zxx1EJ07ws+98m0tSeZoTGp3wWJbNku27nZV/dj/JVJKluTZ4cxeWWNwl+ZHC YGhI13CEQUUwOWcTadFva232jeTVXX6I7QhDR7PH4XyV0VMBpWmBiqBaMkRzVU4MDpEbH4Dmrnpl Ou8K/BoIQV9fH319fQvvH3vhRQpnh5jtlLQnNNI1CDWMyp+gc9X2hft0Ist0qYJnW4AgUIpQGZAR rdkawhj8QDBWcCJj2CeF4LXxCZWfLAgwms5WFy0jpko1ipOG0jREgaQlbrHvyAkYPgH50+/ztpCS /MgglVJxQSoAdFxzDS0bNnBizHBsVFMe86nOpHA2f2LB4JnpScanJhmcmKEh5mIMVEOF0hCPV1jS EIAyTJUsJkv2hBC8am3oXVIIQ65uaTCrupsDPEcwMuUzW9RkvQaMrmsG17I4eGaKdcsuIitqkG0H L7Foczqux9T4MHOFGYQAL5bAa2yg7bLLsDKNFGQjalkfDb/7ByQuvZbpyXEKM5NIIRDTYzzywx+x OpvGtSzmagGRNnR1TbC8rQYa3hpO8s548iXgYVtKaqEyT/a/az656SIj4q5hTVeMFydLzNVqpOwU SoNnOTS7VR7f+wZfzzXD2z+DvushmX1vgyaSdPWuQkUhQeBjjEEIQaqri/Vf+oN6HhZiQW0mUmka m5dgCcPLT75FpVQhu6yNoh8SaXC8Khd3FJEaqoHgWD5hIi2esqWpSgApeG4oL945MSQxWnFRq0Ou STBcmSSM6pVLKcnylgyH+t/hxbdOQmEcDu+GQn4BXEURE2NDTOZHcR0PUast7DZTLmMGBhBK1UNL KfADRgYHCI6/wb8+81N6GlP10UWo0MawtGOSJckIowwDkzGGC95RIfgJzPecAuaCSGb8gBtWL/WJ 2ZqkJzk2VgIdIy6SaC2whE3Skjx94Dg9HTk6UjZMDoLtQipLqVQCDI3ZFmzXRY+Ook+cgMlJzMgI wnHQAwMwM4MeHsFtbSFRzvPMY9/nR7tf46ruHKUgIlKQSM+yZXWepIBqINl9spl82d1hCfPMQrMs 6tJgYK5qXZ+OqfbOpoCUJ9BG8+5EkRhpbBNDa0HKdbGN4l9efRvb9VjZmsGaHYG5SbxUhnhTG5ZT 1y6ioQERj4NlI3t6kB3tiHQaMFhNKRg/xp6nH+evHnmSLbkmPNvGDzXCqbJh9RBdqQij4PBohjdG MocM4htSUASw3hyYODd+KyotCtNF65aLWnwnHVO0pOqbZKhQIU4DlnExQDbu0exZPPvGEfYeP4sw hkZdI1kYgdlR8MugItAK4bmIVByhAihOIcp5xOwZ8of38n8e/Rf+/vFdbGxpoDWVoBoqjAxZsXyQ 9W0VRARjRY9dA621km/fJ6V5RVCfHwpYPIJTWjy0uqP25dsvnSHpKSo1w8+P1xidSNEue/FIYDAI 6jri9HSR41MllOPS25ljQ28nqzrbyLU0kcmkcVxvPu35FObmODUyziv977LnrRNIP2BzRyuebeFH GiMDli0bYstFBdwIyqHk6RM5jk+nHpbC/AnzA/8F8PPhjSEnBI9euqy89cZLZnEtQ8U3vHbK5+x4 nFaxjASZBT0hqGeIuVrAcKHMSLFKIVQYaeG4No5t18t3GFHzA4RStMY8eprSpD0PP1JE2oBT4eKe YTa2F3EVBJFg95lWDow3vmAMnxOC0XPQAIuVUp1lTBv+5MCZ5E5H6k0fW1Ugbhuu6nFp8GocGTlO JeygUbRh46DnW+d0zGVNzGNNmyDSGj9U+JEiUBpjBLYUOPMNdKQ1tUhRDhQaRSw9zbreMVY2+Fgh +JHg58PNHMo3HNRGfEUIM/rLmAvC41ysz38FE9qIX4wW3MvKvmxfmvGJ24olKYuWpGZGzTLhz6G1 xDIOwlgLwkgbwAgsKXEsC9eysKRAmbr2qIYKP9JERiG8OZZ2DbNl+QTdsRARQjmw+NngEg7kGw9G Wn5RCHP4XFhccLB/gZDBwFop+LvlLdWt1y+fIZf2wUCIYcyPODYmmJhOoKqNWFEaS3sIU+/U9blG YH7V7VEYGeAmSrS1FFjeVibnRlhB/eRivBLjpeFW3i2kXpj3dP+FoC8Ivgi+/ienEfe3JMK7L+8q xC9pK5KwFdIxGMcw4xuGCjA2IykUXWo1DxW6GG2DmR9R2BGxWEhDyqet0SeXjGgQBunXpWolsuif bmB/vqk6XfO+LzDfRjD6QdAfCP5LmeZctrndsfQ3uhtqGze2z9HbWCZuK6QF0gbjGCIbagqqIUT1 AoltQcwGVxvswIBvMEF9nliNLE7NJTk0lWWwlDgYavmgJcxvflx4Ifh6NyQ6tOGumK0/n0v5a1Zk S6KnoULWC/AshRODeIvAcuvxLgCtDLUpTTCnURH4SjLju5wuJjlZSJuxSvwdX8tHBDwihBk+H+g3 OqD9QAPq5zhLteEmS5pbk47a3BwL2lrjvt0c82lpUWSyGlsahIBKwTCbFxRDh6maS74ai6Z9N1+O 7F8oLZ6SgmcFZvjDnij/WuAfED4YQ0wZsdIgrhCYyy1p1tnSdNqWyVrCeABKCT/SYjYyYlAZccQY 8ZoQZp8lzDHBb/4jhH8HsQSGthsv6IwAAAAldEVYdGRhdGU6Y3JlYXRlADIwMjItMDQtMjFUMjE6 NDc6MDgrMDA6MDDs4phyAAAAJXRFWHRkYXRlOm1vZGlmeQAyMDIyLTA0LTIxVDIxOjQ3OjA5KzAw OjAwO8gregAAAABJRU5ErkJggg=='/%3E%3C/svg%3E",
                ),
                decimals: 24,
            },
        },
        FtBalance {
            amount: U128(
                369264,
            ),
            contract_account_id: AccountId(
                "kusama-airdrop.near",
            ),
            metadata: Metadata {
                name: "Kusama - Swap on kusamaswap.com",
                symbol: "KSM",
                icon: Some(
                    "data:image/svg+xml;base64,PHN2ZyB4bWxucz0iaHR0cDovL3d3dy53My5vcmcvMjAwMC9zdmciIHZpZXdCb3g9IjAgMCA0NDEgNDQxIj48ZGVmcz48c3R5bGU+LmNscy0xe3N0cm9rZTojMDAwO3N0cm9rZS1taXRlcmxpbWl0OjEwO30uY2xzLTJ7ZmlsbDojZmZmO308L3N0eWxlPjwvZGVmcz48dGl0bGU+a3VzYW1hLWtzbS1sb2dvPC90aXRsZT48ZyBpZD0iTGF5ZXJfMiIgZGF0YS1uYW1lPSJMYXllciAyIj48ZyBpZD0iTGF5ZXJfMS0yIiBkYXRhLW5hbWU9IkxheWVyIDEiPjxyZWN0IGNsYXNzPSJjbHMtMSIgeD0iMC41IiB5PSIwLjUiIHdpZHRoPSI0NDAiIGhlaWdodD0iNDQwIi8+PHBhdGggY2xhc3M9ImNscy0yIiBkPSJNMzczLjYsMTI3LjRjLTUuMi00LjEtMTEuNC05LjctMjIuNy0xMS4xLTEwLjYtMS40LTIxLjQsNS43LTI4LjcsMTAuNHMtMjEuMSwxOC41LTI2LjgsMjIuNy0yMC4zLDguMS00My44LDIyLjItMTE1LjcsNzMuMy0xMTUuNyw3My4zbDI0LC4zLTEwNyw1NS4xSDYzLjZMNDguMiwzMTJzMTMuNiwzLjYsMjUtMy42djMuM3MxMjcuNC01MC4yLDE1Mi0zNy4ybC0xNSw0LjRjMS4zLDAsMjUuNSwxLjYsMjUuNSwxLjZhMzQuMzQsMzQuMzQsMCwwLDAsMTUuNCwyNC44YzE0LjYsOS42LDE0LjksMTQuOSwxNC45LDE0LjlzLTcuNiwzLjEtNy42LDdjMCwwLDExLjItMy40LDIxLjYtMy4xYTgyLjY0LDgyLjY0LDAsMCwxLDE5LjUsMy4xcy0uOC00LjItMTAuOS03LTIwLjEtMTMuOC0yNS0xOS44YTI4LDI4LDAsMCwxLTQuMS0yNy40YzMuNS05LjEsMTUuNy0xNC4xLDQwLjktMjcuMSwyOS43LTE1LjQsMzYuNS0yNi44LDQwLjctMzUuN3MxMC40LTI2LjYsMTMuOS0zNC45YzQuNC0xMC43LDkuOC0xNi40LDE0LjMtMTkuOHMyNC41LTEwLjksMjQuNS0xMC45UzM3OC41LDEzMS4zLDM3My42LDEyNy40WiIvPjwvZz48L2c+PC9zdmc+",
                ),
                decimals: 5,
            },
        },
        FtBalance {
            amount: U128(
                10407388888888888597482,
            ),
            contract_account_id: AccountId(
                "rocketbois-reward.near",
            ),
            metadata: Metadata {
                name: "NVRS Token",
                symbol: "NVRS",
                icon: Some(
                    "data:image/svg+xml,%3Csvg xmlns='http://www.w3.org/2000/svg' viewBox='0 0 1122 1092'%3E%3Cg id='l' data-name='l' fill='lightskyblue' %3E%3Cpath d='m549.5 1002.7-139-90.7c-58.3-38-58.3-38-61.1-35.2a151 151 0 0 1-12.7 9.6c-9.9 6.9-9.9 6.9-9 10.5.4 2 .8 6.6.8 10.2 0 4.9-.7 8-2.4 11.7a31.8 31.8 0 0 1-5.5 8 44 44 0 0 1-8.6 5.8 22.3 22.3 0 0 1-12 2.8c-5.1 0-7.7-.6-12-2.8a44 44 0 0 1-8.6-5.8 32 32 0 0 1-5.5-8 25.2 25.2 0 0 1-2.4-12.3c0-5.5.6-8.4 2.5-12.4 1.3-2.9 4.1-6.8 6.2-8.7a46 46 0 0 1 8.4-5.7 24 24 0 0 1 11.8-2.2c6.3 0 7.9.5 13.7 3.7 5.6 3.2 6.8 3.5 8.7 2.5A250.7 250.7 0 0 0 344 869c0-.3-42.7-28.4-95-62.5a6378.7 6378.7 0 0 0-97.5-63c-2-.7-3.7-.2-9.7 3-6.3 3.5-8 4-13.8 4a25 25 0 0 1-11.8-2.4c-2.8-1.4-6.8-4-8.8-6-2-1.9-4.7-6-6.2-9a25.7 25.7 0 0 1-2.5-11.1c0-3 .7-7.6 1.7-10.2a37 37 0 0 1 5.8-9.2c2.2-2.5 6.3-5.6 9.2-7 3-1.5 7.6-3 10.5-3.3 5.1-.6 5.1-.6 6.7-6a333692 333692 0 0 1 66-228.5c.6-2.5-.5-3.5-19.6-17.8a1399 1399 0 0 0-23.6-17.6c-3.4-2.3-3.4-2.3-11 1.3a27.5 27.5 0 0 1-12.7 3.6 28 28 0 0 1-11.5-2.8 30.3 30.3 0 0 1-15.8-16.3c-1-2.8-1.8-7.1-1.7-10.7 0-4.6.8-7.4 3.2-12.1 1.7-3.4 4.6-7.4 6.4-8.9 1.8-1.5 5.2-3.7 7.6-4.9 3.3-1.6 6.3-2.1 11.8-2.1 6.3 0 8.3.5 13 2.9 3 1.6 7 4.7 9 6.9 1.8 2.2 4.1 6 5.1 8.6 1 2.5 1.8 6.9 1.7 9.6 0 2.8-.4 7.3-.8 10-.8 5-.8 5 19.7 20.3a205.8 205.8 0 0 0 22 15.2c1.1 0 2.2-2 3.6-6.8l35-120.7c33-114 33-114 28-118.5-2.7-2.5-6-6.7-7.2-9.4a25 25 0 0 1-2.3-12c0-5.7.5-8.5 2.3-12.2 1.3-2.7 4-6.5 5.8-8.5 2-2 5.8-4.7 8.6-6 3.8-1.8 6.9-2.4 11.8-2.4 5 0 8 .6 11.8 2.4 2.8 1.3 6.6 4 8.6 6s4.7 6.2 6.2 9.5c2.7 5.9 2.7 5.9 41.3 5.2a112684.6 112684.6 0 0 1 141.3-2.2c37.2-.6 37.3-.7 37.3-2.8 0-1.1 3.9-13.8 8.5-28.1s8.5-27.3 8.7-29c.4-2.5-.3-3.7-3.7-7a45 45 0 0 1-6.5-8 36.3 36.3 0 0 1-3.3-9c-.7-3.4-.8-6.5-.1-9.4.5-2.3 2-6.4 3.3-9 1.3-2.5 3.7-5.8 5.3-7.2a46 46 0 0 1 8.3-5.5c4.4-2.3 6.8-2.8 12-2.8 5 0 7.7.7 11.6 2.6 2.7 1.5 6.4 4 8 5.5a35.2 35.2 0 0 1 9 18.2c.4 3 0 6.8-1 10.4-.9 3-3 7.5-4.9 9.9-2 2.7-5.6 5.5-9.4 7.6-3.8 2-8.5 3.5-12 4-5.8.7-5.8.7-10.1 14.2a4355 4355 0 0 1-9.6 29.3l-5.2 15.7 24-.5a12895.3 12895.3 0 0 1 143-2.2c52.8-.6 52.8-.6 55.8-6a35 35 0 0 1 6.1-7.9 42 42 0 0 1 7.5-4.8c3.3-1.6 6.3-2.1 11.8-2.1 6.3 0 8.3.5 13 2.9 3 1.6 7 4.7 9 6.9 1.8 2.2 4.1 6 5.1 8.6 1 2.5 1.8 7 1.8 10.1 0 3-.9 7.7-2 10.5-1 2.7-3.8 7-6.3 9.7-3.3 3.5-4.3 5.3-4 7a14156.7 14156.7 0 0 0 78.3 192.5C888 397 888 397 931 397s43 0 45.6-5.8c1.4-3.1 4-7.2 5.8-9 1.8-1.9 5-4.4 7.2-5.7a37 37 0 0 1 9.2-3.4c4-.8 6.3-.7 10.9.5 3.2.8 7.2 2.4 9 3.5 1.8 1 4.5 3.4 6.1 5.2 1.6 1.8 4 5.7 5.2 8.7a25.6 25.6 0 0 1-.3 22.3 37.7 37.7 0 0 1-6 9.2 36 36 0 0 1-8 5.7 24 24 0 0 1-12 2.3 26 26 0 0 1-12.4-2.4c-2.8-1.3-6.6-4-8.6-6-1.9-2-4.5-5.9-5.8-8.6-2.3-5-2.3-5-42.8-5s-40.5 0-40.3 2.2a6866 6866 0 0 0 46.8 116.5c25.6 62.9 47 114.4 47.5 114.6.5.2 3.5.5 6.8.7a28 28 0 0 1 11.2 3c3 1.5 7 4.2 8.7 6 1.7 1.7 4.2 5.3 5.5 8a24 24 0 0 1 2.3 12 24 24 0 0 1-2.3 12.1 38.8 38.8 0 0 1-5.8 8.5c-2 2-5.8 4.7-8.6 6a24.8 24.8 0 0 1-11.8 2.4c-5.3 0-8-.6-12.8-2.9a20 20 0 0 0-7.4-2.4c-.7.3-36 29.2-78.3 64.3-53 43.9-77 64.4-77.3 65.9-.2 1.1 2.3 9.3 5.4 18.1 3 8.8 7 19.8 8.8 24.5 3.1 8.5 3.1 8.5 9.4 9.2a33.4 33.4 0 0 1 22 11.7c1.7 2.3 4 6.7 4.8 9.8 1 3.7 1.4 7.2 1 10.7a35 35 0 0 1-4 11c-2.2 4-4.8 7-8 9.3-2.7 1.8-7.3 4-10.3 5a24 24 0 0 1-9.7.9 32.9 32.9 0 0 1-24.3-19.4c-1-2.6-1.8-7.2-1.7-10.2 0-3.8.8-7.2 2.5-11 1.4-3 4.7-7.6 7.2-10.2 4.7-4.7 4.7-4.7-.8-20.2l-8.2-23.3c-1.7-4.6-3.4-7.9-4.3-8a177 177 0 0 0-21.8 16.6l-100.7 83.2a5049.2 5049.2 0 0 0-80.9 67.5c-.2.7.2 3.5 1.1 6.5a30.5 30.5 0 0 1-2 21.5 32.8 32.8 0 0 1-5.4 7.5 35 35 0 0 1-18 8.2 28 28 0 0 1-7.8-.2 43.7 43.7 0 0 1-14.4-7.7c-1.8-1.5-4.4-5-5.9-7.8-2.4-4.6-2.7-6.2-2.7-15.5v-10.4Zm10-9.8a41.3 41.3 0 0 1 18.8-6.8c7-.6 7-.6 59-123.6a12155 12155 0 0 0 52.4-125.2c.3-1.4-.5-3.4-2.2-5.7a30 30 0 0 1-4-8c-.9-2.9-1-5.5-.5-7.7.5-1.9 1.4-4.9 2.1-6.7 1.1-2.7 1.1-3.6 0-5.5l-15.9-21c-12-15.6-14.9-18.8-16.6-18.5a218 218 0 0 0-20.1 13.1c-9.9 7-18.4 13.3-19 14-.5 1 0 3.6 1.8 8a79 79 0 0 1 3.7 13c1 5.4.9 8-.4 14.2a63 63 0 0 1-4.8 13.9 47.7 47.7 0 0 1-22 20.7c-6.5 3-10.1 4.1-15.6 4.6a59 59 0 0 1-13.4-.7 52 52 0 0 1-12.2-4.2 58 58 0 0 1-11.3-8c-5.2-5-5.4-5.1-8.2-3.7-1.6.8-12.3 8-23.7 16.2l-81.9 58c-42.4 30.2-61 44-61 45.2 0 1.3 17 13 60.3 41a49944.7 49944.7 0 0 1 128.5 83.7c3 1.7 3.2 1.7 6.1-.3ZM805 820.5l-58.6-164.4c-2.7-7.4-2.7-7.4-9.2-6.8-4.4.5-8.8.1-13.6-1a63 63 0 0 1-12.7-4.3c-3-1.6-7.5-4.5-9.9-6.5-2.4-2-5-3.5-6-3.2-.8.2-8 5-16 10.6s-14.8 10.8-15.3 11.7c-.6 1 1 3.8 5.7 10l15.6 20.3c9 12 9 12 16.3 11.8 6.2-.2 7.8.2 12 2.6 3 1.8 5.6 4.4 7.4 7.4 1.8 3.1 2.7 6 2.7 9.2 0 2.6-.8 6.6-1.8 9a25 25 0 0 1-5.3 7.1 22.1 22.1 0 0 1-7.5 4l-6.8 1.8c-2.1.6-4 4.5-14.2 28.5a83569.7 83569.7 0 0 0-74 175.1 468.4 468.4 0 0 0-18.4 47.1c.4 1 1.3 1.5 2.5 1.2 1-.2 26.6-21 57-46l96.3-79.8a3078 3078 0 0 0 47.6-39.7l6.2-5.7ZM352.8 862c.7 0 27.3-18.5 59.2-41l85.6-60.8a473.6 473.6 0 0 0 28.7-21.3c.8-1.2.5-4-.8-9.4a43.2 43.2 0 0 1 1-25.5c1-2.5 2-5.7 2.2-7 .4-2.4-.8-3.5-11.9-11.2a5659 5659 0 0 0-24.1-16.6 57.3 57.3 0 0 0-13-7.6c-.7.3-8.4 9.5-17.2 20.4l-18 22.4c-1.8 2.5-1.8 2.7 0 8.3a23 23 0 0 1 1.1 10.2 21.3 21.3 0 0 1-10.2 15.8c-3.5 2-6 2.6-10.3 2.7-4.2 0-6.7-.6-10-2.4a27.6 27.6 0 0 1-7.6-7c-3.2-4.5-3.2-4.5-126.9-4.8-123.6-.2-123.6-.2-124.8 2.3-1 2.3-.9 2.9 1.3 5a2427 2427 0 0 0 55.6 37l96 62.5a1048 1048 0 0 0 44 28ZM753 645a46484.8 46484.8 0 0 0 59 165.8c.6 1.3 1.6 2.2 2.4 2 .8-.2 34.8-28 75.7-61.8l76.3-63.1c2-1.6 2-1.7.2-7.4-1.3-4-1.7-7.5-1.3-11.4.2-3 1.3-7.2 2.2-9.3 1-2 1.5-4.2 1.3-5-.3-.7-36.5-36.7-80.3-79.8-73.5-72.3-80-78.5-82.9-78.3l-8 .9a23 23 0 0 1-8.8-.6c-2.2-.6-6-3-8.4-5.2-3.8-3.5-4.9-4-7.7-3.5a885.2 885.2 0 0 0-61.3 19c-1.2 1.1-.6 4.3 4.6 21.8 3.3 11.2 6.5 21.5 7 22.8 1 2 1.5 2.3 5.3 1.7a38 38 0 0 1 11.5.9c4 .8 9.9 2.8 13.1 4.5 3.3 1.6 8.6 5.5 12 8.5a45 45 0 0 1 14.2 26.5c1 5.8 1 8.7 0 14.4-.6 3.9-2.4 9.8-4 13.1a55 55 0 0 1-6.6 10.5c-2 2.4-6.4 6.4-9.6 8.7L753 645Zm-596 71c246.6 0 246.6 0 248.8-4.5a23.1 23.1 0 0 1 14.4-11.6c2.7-.7 5.5-.7 8.5 0 2.5.5 5.1.7 5.7.4.6-.2 9-10.3 18.9-22.4 12-15 17.5-22.5 17-23.4a202 202 0 0 0-17.7-13 230.6 230.6 0 0 0-18.7-12.2c-1-.3-3.8 1.2-7 3.9-3 2.4-8.3 5.6-11.8 7.2a64.2 64.2 0 0 1-12.7 4c-4.7.7-8.2.7-13-.1a66 66 0 0 1-14-4.7 47.2 47.2 0 0 1-21.3-20.5c-1.7-3.4-3.9-9-4.8-12.4-1-4.1-1.4-8.4-1-12.7.3-3.6 1.5-9 2.7-12a63 63 0 0 0 2.7-8.2c.5-2.5-3.6-5.7-71.6-56.7-39.7-29.8-72.5-54.1-73-54.1s-1.4 1.2-2 2.8a31052.4 31052.4 0 0 0-65.7 226.4c-.5 2.1.2 3.3 4.6 7.4 2.9 2.7 6.5 7.5 8.1 10.6l3 5.8Zm378.5-30.2c.6-.2 2.9-1.7 5-3.5a69 69 0 0 1 9.6-6.3 63 63 0 0 1 13-4.7c6.4-1.4 8.4-1.4 14.9-.4a57.9 57.9 0 0 1 22.7 9.7c1.7 1.3 4 2.4 5 2.4s10.3-6 20.8-13.4c15.9-11 19-13.7 19-15.7 0-1.6-8.1-12.9-23-32.3a583.4 583.4 0 0 0-24.2-30.3c-.7-.3-4.5.9-8.6 2.5a91 91 0 0 1-14.5 4.2c-6 1-8.3 1-14.9-.4a72.6 72.6 0 0 1-13.3-4.2c-3-1.5-6.4-2.9-7.5-3.1-1.6-.4-6.7 5.4-26.5 29.7-15 18.4-24.5 31-24.5 32.4 0 1.6 5.1 5.6 23 17.9a254.7 254.7 0 0 0 24 15.5Zm122.3-38.6a320.5 320.5 0 0 0 29.9-20.5c2.1-1.9 2.1-1.9-.3-8.8a68.8 68.8 0 0 1-3-12.7 46.1 46.1 0 0 1 12.3-35.3c2.7-2.9 7.2-6.8 10.1-8.6 3-2 5.6-4 5.8-4.8.3-.8-2.2-11-5.7-22.7a222.4 222.4 0 0 0-7.3-22.5c-.9-1-9.6 1.3-38.6 10-37.5 11.3-37.5 11.3-37.2 17.2a69 69 0 0 1-.8 13 65.1 65.1 0 0 1-12.1 26.8c-2.2 2.6-3.9 5.4-3.7 6.2.2.8 10.2 14.4 22.3 30.2 12.1 15.8 23 29.8 24.2 31 1.5 1.6 2.8 2 4.1 1.5ZM478 645.8c.8-.2 7.6-7.9 15.1-17.1l24.6-30.2c6-7.4 11-14.1 11.1-15 .2-.8-1.3-3.7-3.2-6.4a59 59 0 0 1-11.9-37.5c-.2-7.8-.2-7.8-17.7-13L458.5 515c-11-3.4-21.6-6.4-23.6-6.7-3.6-.5-3.6-.5-10.9 20.8l-7.7 22.6c-.3.7 1.7 2.7 4.4 4.5a50.5 50.5 0 0 1 22 31c1 4.3 1.4 8.4 1 12.8-.3 3.6-1.6 9.4-2.8 13-2.2 6.4-2.2 6.4.7 8.7 1.6 1.3 10 7.3 18.9 13.3a101 101 0 0 0 17.5 10.8Zm498.5.2c1.2 0 1-1-.6-5.3l-47.6-117.2c-25-61.6-46.1-112.6-46.8-113.4-1.2-1.2-13-1.3-80.2-.7-50.6.4-79 1-79.4 1.7-.3.5-1 3.2-1.7 6a57.5 57.5 0 0 1-10.7 20.6c-2 2.3-6.5 6.1-10.1 8.5-5.2 3.3-6.5 4.6-6.1 6.2a6953.6 6953.6 0 0 1 10.9 36.7c2 7.1 2 7.1 5.7 6.6 2-.3 14.4-3.7 27.6-7.6l29.4-8.9c5.2-1.6 5.5-1.9 6.6-6.2.7-2.5 2-6 2.8-7.6.9-1.8 3-4.3 4.6-5.7 1.7-1.4 5-3.3 7.6-4.2 3.1-1.2 5.9-1.6 9-1.2a31 31 0 0 1 8.3 2.6c2 1 4.4 2.7 5.3 3.7a44.1 44.1 0 0 1 6 12c.7 2.5.5 5-.7 9.5-1.7 6-1.7 6 40.5 47.5l80.2 78.9a834.5 834.5 0 0 0 39.4 37.5Zm-615.1-83.2c.6-.2 4-2.2 7.5-4.5 3.4-2.3 8.8-5.2 12-6.4 4-1.6 8-2.3 14.7-2.4 5-.1 9.5-.4 10.1-.6.7-.2 4.2-9.2 7.9-19.9s6.8-20.8 6.8-22.5c.1-3 .1-3-23.4-10.3-13-4-25.2-7.6-27.3-8-3.2-.4-4.3 0-6.5 2a30 30 0 0 1-6.5 4.4c-2.1 1-5.6 1.9-7.6 1.9a23 23 0 0 1-14.5-6.4 24.8 24.8 0 0 1-4-6.3c-.9-2-1.6-5.7-1.6-8 0-2.4.9-6.1 1.9-8.3 1-2.3 3.5-5.4 5.6-7.1 3.7-3 3.7-3-22-127.5-14-68.4-26-125-26.4-125.9-.4-.8-1.9-1.5-3.2-1.5-2 0-2.7.8-4.1 5.5-1 3-16.7 57-35 120-18.2 63-33.2 116-33.2 118-.1 3.5.4 3.9 49.4 40.7 27.2 20.5 60.5 45.4 73.9 55.3 13.4 10 24.9 18 25.5 17.8Zm322-108.3c-19.4-1.2-21.2-1.6-29-5.3a49.2 49.2 0 0 1-13.8-9.5 54.1 54.1 0 0 1-13.2-23.6c-1.3-4.6-2.3-6.3-3.8-6.6-1.2-.3-11.8-.5-23.6-.6l-21.5-.2-.2 6.9.5 40.2c.7 33.4.7 33.4 5.9 35.2a92 92 0 0 1 10.5 4.6 65.9 65.9 0 0 1 24.2 25.7c1.3 1.3 4.2.6 24.8-5.5l37.3-11.2c14-4.2 14-4.2 13.8-7.7 0-1.9-2.8-12.2-6-22.9l-6-19.5Zm-115 33c-1-61-1.4-78.8-1.6-79a707 707 0 0 0-27.9-1c-27.5-.8-27.5-.8-29.7 5.2a84 84 0 0 1-6 12 48.8 48.8 0 0 1-7.8 9.1 62 62 0 0 1-9.7 6.2c-3.2 1.6-9 3.6-13 4.5-4 .8-10 1.4-13.6 1.3-6.3-.3-6.3-.3-15 24.9-6.2 18-8.3 25.5-7.5 26.3.6.6 10.7 4 22.5 7.6l38.9 12c9.6 2.9 18 5.3 18.6 5.3.6 0 3.3-3.3 6-7.5s7.1-9.7 9.9-12a65.2 65.2 0 0 1 27.7-13.2l8.1-1.7Zm-145.8 5.4c3 .1 3.2 0 6.8-10.1a3889 3889 0 0 0 13.3-39.4c.4-1.6-1-3-6-6.7-3.4-2.6-8-6.9-10-9.5a66 66 0 0 1-6-10.2c-1.5-3-3.1-8.4-3.8-12.2-1-5.4-1-8.3 0-13.7.7-3.9 2.8-10.2 4.7-14.1a48.1 48.1 0 0 1 44.5-27c7.7 0 7.7 0 13.3-17.5l27.2-85.1c13.2-41.4 21.2-68 20.6-68.6-.5-.5-27-.5-68.3.1l-105 1.7c-37.6.6-37.6.6-40.7 7a27.3 27.3 0 0 1-9.2 11c-5 3.7-6 5-5.6 6.8A54362.1 54362.1 0 0 1 349 450.3c1 5.1 1.1 5.3 6.2 7a24 24 0 0 1 7.8 4.6c1.5 1.4 3.4 4.9 4.4 7.6l2.5 6.5c.5.9 10.8 4.6 25.2 9.1 13.4 4.2 25.8 7.7 27.5 7.8Zm200.8-94.4c2.6 0 3-.6 5-6.1a80 80 0 0 1 5-11c1.7-2.6 5-6.9 7.5-9.4s7.4-6 10.7-7.8a64 64 0 0 1 14-4.8c6.7-1.4 8.8-1.4 15.3-.3a53.5 53.5 0 0 1 26.2 12.9c2.5 2.5 5.8 6.8 7.4 9.4a80 80 0 0 1 5 11c2.3 6.1 2.3 6.1 6.6 6.4 2.4.2 37.2 0 77.2-.4 72.9-.7 72.9-.7 72.3-3.3-.3-1.4-18-45.6-39.5-98.1-38.9-95.5-38.9-95.5-44.8-95.6-3.7-.1-7.9-1-11.2-2.5a38 38 0 0 1-8.4-4.8 17.3 17.3 0 0 0-4.3-3c-.7 0-39 24.2-85 54A7173.6 7173.6 0 0 0 595 302c-3.1 2.4-3.6 3.4-4.2 9-.5 4.2-1.6 7.6-3.3 10.2a22.7 22.7 0 0 1-6 6c-3.5 2-3.5 2-3.5 35.3 0 26.4.3 33.5 1.3 34.4a99 99 0 0 0 21.3 1.4c11 .1 21.2.3 22.8.2Zm-56.9-2c.6-65.6.5-66-1.5-67.5a123 123 0 0 1-5.6-4.4c-2-1.6-4.2-4.3-5-6a17 17 0 0 1-1.7-7.5 19.9 19.9 0 0 1 6.7-14.9c1.4-1 4-2.5 5.8-3.3 1.8-.8 5.1-1.3 7.3-1.3s5.8 1 8 2.2c3.6 1.8 4.5 1.9 6.6.8 1.3-.7 35.7-22.8 76.4-49.1l86-55.6c9.2-5.9 12-8.2 12.3-10 .1-1.3-.2-3-.7-3.8-.8-1.3-15-1.3-110.6 0-91 1.3-109.9 1.8-111 3a7552.4 7552.4 0 0 0-55.2 172c-.4 2.4.1 3.1 5.5 6.7a50.5 50.5 0 0 1 21.1 30.9c1.6 6.8 1.6 6.8 14.1 7.4 6.9.3 19 .5 27 .5l14.5-.1Z'/%3E%3C/g%3E%3C/svg%3E",
                ),
                decimals: 18,
            },
        },
        FtBalance {
            amount: U128(
                5611853592,
            ),
            contract_account_id: AccountId(
                "utopia.secretskelliessociety.near",
            ),
            metadata: Metadata {
                name: "Utopia",
                symbol: "UTO",
                icon: Some(
                    "data:image/svg+xml,%3Csvg id='Layer_1' data-name='Layer 1' xmlns='http://www.w3.org/2000/svg' viewBox='-40 -40 600 600'%3E%3Cdefs%3E%3Cstyle%3E .cls-1%7Bfill:%239f9f9f%7D.cls-2%7Bfill:%23fefefe%7D.cls-4%7Bfill:%23030303%7D %3C/style%3E%3C/defs%3E%3Cpath d='M371.65 15v23.92l-.47.71C368.82 41.48 366 41 363.36 41q-36.94.09-73.88 0h-176c-3.06 0-6.31.67-9.1-1.37l-.47-.71V15ZM55.21 355.33H31.66a2.81 2.81 0 0 1-.26-.3.82.82 0 0 1-.13-.37v-24H6.67V136.41h24.6l.69.44c2 2.64 1.38 5.75 1.39 8.67q.07 73.11 0 146.2c0 12.44.26 12.68 12.64 12.76 3 0 6-.29 8.85 1a3 3 0 0 1 1.23 1.1 12.38 12.38 0 0 1 1.18 6.17q.1 18 0 36.05c0 2.09.17 4.28-1.36 6.06ZM420.4 452.82v23.51c-3.87.66-178.64.93-195 .29v-23.8l.47-.71c2.79-2 6-1.37 9.1-1.37q75.33-.09 150.68 0c9.25 0 18.49-.06 27.74 0 2.25 0 4.6-.25 6.54 1.37ZM176.66 428H128v-23.83H79.16v-24.9l.39-.66c1.9-1.69 4.27-1.4 6.51-1.42 10.55-.08 21.09 0 31.63-.05 6.6-.05 7.89-1.5 8.12-8.1.16-4.52-.77-9.14 1.06-13.53a2.94 2.94 0 0 1 1.1-1.14 58.19 58.19 0 0 1 24.44-.12 3 3 0 0 1 1.2 1.07c1.29 2.36 1.19 4.95 1.2 7.5v30.75c.05 6.74 1.61 8.24 8.36 8.37 3.7.08 7.41-.1 11.1.23 2.23.2 3.9 1.14 4.1 3.54a107.23 107.23 0 0 1-.06 20 3.93 3.93 0 0 1-1 1.85c-.2.17-.43.31-.65.44Z'/%3E%3Cpath d='M225.4 452.82h-48.74V428c1.46-1.94 3.61-2 5.74-2.06 6.36-.1 12.72-.14 19.08.09 6.33-.23 12.67-.21 19-.07 1.93 0 4-.19 5.56 1.42 2.71 7.57 1.34 15.33 1 23-.04 1.09-.97 1.72-1.64 2.44ZM31.27 136.41V87.67h23.94l.7.45c1.36 1.51 1.34 3.39 1.35 5.22q.18 18.9 0 37.8a11.41 11.41 0 0 1-1 5 3.12 3.12 0 0 1-1.12 1.24c-7.1 2.15-14.32 1.17-21.51.74-1.03-.12-1.63-1.04-2.36-1.71Z'/%3E%3Cpath d='M55.21 87.67v-24.8h23.95l.69.44a3.53 3.53 0 0 1 1 1.84c.36 7.46 1.36 14.94-.69 22.33A3 3 0 0 1 79 88.65c-7.08 2-14.25 1.13-21.4.67-1.07-.06-1.67-.99-2.39-1.65ZM469.14 404.07V428h-24.8l-.71-.47a5.34 5.34 0 0 1-1.24-3.54q-.37-8.07 0-16.15a7 7 0 0 1 1.61-4.3 8.54 8.54 0 0 1 5.24-1.52c5-.13 10-.14 15 0 1.86.09 3.65.41 4.9 2.05Z'/%3E%3Cpath d='M79.16 62.87V38.92H104c.79.8 1.71 1.56 1.76 2.78.29 7 1.2 14-.69 20.86a3 3 0 0 1-1.13 1.23C96.52 66 89 64.92 81.56 64.53c-1.07-.06-1.68-1-2.4-1.66ZM444.34 428v24.8H420.4c-.67-.72-1.62-1.34-1.66-2.38-.33-7.7-1.67-15.44 1-23 1.15-1.33 2.78-1.33 4.32-1.4 5.11-.22 10.23-.18 15.35 0 1.9.03 3.68.36 4.93 1.98ZM79.16 379.27H55.21v-23.94c.52-.48.95-1.21 1.63-1.34a70.78 70.78 0 0 1 21.55-.16c1.55.19 2.36 1.57 2.5 3.09a109.82 109.82 0 0 1 0 19.53 4.76 4.76 0 0 1-1.73 2.82ZM444.34 111.61h24.8v73.54c-1.36 1.8-3.33 2-5.35 2-5 .13-9.94.18-14.9 0-5.5-.2-6.49-1.05-6.55-6.57-.18-14.62-.28-29.24.06-43.86-.24-6.35-.22-12.7-.12-19.06 0-2-.09-4 1.36-5.63ZM395.59 62.87h24.81v24.8c-.15.23-.3.46-.44.69a3.62 3.62 0 0 1-1.84 1c-7.43.4-14.88 1.3-22.25-.61a3 3 0 0 1-1.2-1.1c-1.72-8.12-2.21-16.24.23-24.32Z'/%3E%3Cpath d='M420.4 87.67h23.94v23.94c-.79.79-1.55 1.71-2.77 1.76-7 .29-14 1.2-20.87-.69a3.11 3.11 0 0 1-1.23-1.13c-2.14-7.1-1.16-14.3-.74-21.49.07-1.06 1-1.67 1.67-2.39ZM371.65 38.92h23.94v23.95c-.79.79-1.55 1.7-2.77 1.75-7 .3-14 1.2-20.87-.68a3.18 3.18 0 0 1-1.23-1.13c-2.13-7.1-1.16-14.31-.73-21.49.06-1.07 1.01-1.67 1.66-2.4Z'/%3E%3Cpath class='cls-1' d='M371.65 38.92v23.95c-.9 1.57-2.44 1.81-4 2-1.85.17-3.7.15-5.55.15q-124.27 0-248.55-.06c-3.25 0-6.93 1.15-9.57-2.05V38.92Z'/%3E%3Cpath class='cls-2' d='M104 62.87h267.65c1.92 1.47 2 3.6 2.07 5.74.1 3.68-.12 7.36.14 11 .28 4.05 1.77 5.54 5.81 5.83 3.53.25 7.07 0 10.6.14 2 .07 4 .3 5.32 2.07 1.93 1.47 2 3.6 2.08 5.74.11 3.53-.09 7.07.15 10.6.23 3.35 2 5.16 5.38 5.38 3.82.24 7.64 0 11.45.15 2.15.06 4.28.15 5.75 2.07 1.92 1.47 2 3.6 2.07 5.75.1 3.67-.12 7.35.13 11 .28 4 1.78 5.54 5.82 5.83 3.53.25 7.07 0 10.6.14 2 .06 4 .29 5.32 2.06v48.74h24.8v72.69c-1.25 1.62-3 2-4.92 2-3 .11-6 .06-9 .08-7.41.08-8.77 1.36-8.79 8.67-.05 14.34 0 28.68 0 43 0 3.27-.09 6.54 0 9.8.21 5.2 1.79 6.74 7.07 6.93 3.4.12 6.81 0 10.22.09 2 .06 4 .29 5.35 2.06v24.8c-1.45 1.93-3.59 2-5.71 2.05-6.32.1-12.64.16-19-.11-8 .24-16 .29-24 0-6.61.26-13.22.21-19.84.11a11 11 0 0 1-4.52-.85 3.53 3.53 0 0 1-1.28-.81c-1.44-2.28-1.36-4.85-1.38-7.4 0-3.11.09-6.23-.06-9.34-.22-4.62-1.65-6.06-6.2-6.29a67.32 67.32 0 0 0-7.65 0c-4.07.28-5.5 1.71-5.74 5.85-.22 3.68 0 7.37-.11 11.05-.06 2.4-.11 4.83-1.82 6.81-4.08 1.73-8.36.85-12.56 1s-8.19.09-12.28-.15c-6.36.26-12.72.22-19.08.12a11 11 0 0 1-4.54-.85 3.47 3.47 0 0 1-1.28-.82c-1.36-2.15-1.35-4.57-1.37-7 0-3.26.09-6.53-.07-9.79-.22-4.59-1.67-6-6.26-6.25-2.4-.12-4.82-.09-7.23 0-5.4.14-6.83 1.53-7 6.83-.11 3.54 0 7.09-.08 10.63-.07 2.27-.19 4.55-1.89 6.36-2.12 1.1-4.43.92-6.69.92q-29.41.09-58.84 0c-2.41 0-4.85.08-7.08-1.09-2.15-1.51-2.23-3.84-2.31-6.12-.14-3.56 0-7.12-.09-10.68-.17-5.33-1.6-6.72-7-6.86-2.13-.06-4.27-.09-6.41 0-4.58.25-6 1.68-6.19 6.35-.18 5.55.05 11.11-.27 16.67.34 6.24.22 12.48.14 18.72a11 11 0 0 1-1 4.55 2.94 2.94 0 0 1-1 1.19c-7.82 2.28-15.77 1.2-23.67.74-2.42-.14-2.95-2.34-3.11-4.45-.3-4 0-8-.22-11.93-.23-5.19-1.87-6.82-7-7-3.12-.14-6.25 0-9.38-.11-2-.07-4-.27-5.36-2.05-1.78-1.35-2-3.28-2.07-5.32-.09-3.82.1-7.65-.12-11.46-.24-4.14-1.67-5.57-5.75-5.83a69.87 69.87 0 0 0-8.92 0c-4.09.26-5.51 1.69-5.75 5.83-.23 3.81 0 7.64-.12 11.46 0 2-.29 4-2.07 5.32-.52.48-1 1.22-1.62 1.35a70.79 70.79 0 0 1-21.6.17c-2.15-.26-2.53-2.44-2.67-4.35-.32-4.26 0-8.53-.23-12.78-.22-5.2-1.85-6.83-7-7-4.26-.17-8.52 0-12.78-.2-3.1-.17-4.62-1.69-4.78-4.79-.22-4 0-8-.21-11.93-.23-5.18-1.86-6.8-7-7-3.12-.14-6.25 0-9.38-.11-2-.07-4-.28-5.36-2.05a5.39 5.39 0 0 1-2-4.1c-.09-1.71-.14-3.41-.14-5.12V145.58c0-3.16-.87-6.66 2.07-9.22 1.37-1.78 3.35-2 5.37-2 3.14-.11 6.27 0 9.4-.11 5.22-.22 6.91-1.8 7-7 .18-10.54 0-21.07.1-31.61 0-2.78-.52-5.79 2.08-7.93 1.47-1.93 3.6-2 5.74-2.08 3.68-.1 7.36.13 11-.13 4-.29 5.54-1.78 5.82-5.83.26-3.66 0-7.34.14-11 .15-2.2.21-4.33 2.21-5.8ZM469.14 404.07h-24.8l-.71-.47a5.84 5.84 0 0 1-1.28-3.92c-.19-5.76-.23-11.51 0-17.26.07-1.4.18-2.84 1.39-3.84 7.57-2.59 15.3-1.31 23-1 1 0 1.66 1 2.37 1.65Z'/%3E%3Cpath class='cls-1' d='M469.14 379.27h-24.8c-1.66-.8-1.87-2.36-1.95-3.92-.26-5.33-.25-10.66 0-16a5.23 5.23 0 0 1 1.95-4h24.8Z'/%3E%3Cpath d='M469.14 330.53h-24.36c-.65-3.68-.88-58.4-.29-72.69h24.65Z'/%3E%3Cpath class='cls-1' d='M55.21 136.41v170.18H31.72a2.76 2.76 0 0 1-.3-.29.64.64 0 0 1-.15-.36V136.41Z'/%3E%3Cpath d='M55.21 306.59H78.7a1.67 1.67 0 0 1 .31.28.73.73 0 0 1 .14.36v23.15h24.21a4.48 4.48 0 0 1 .45.45.8.8 0 0 1 .14.36v24.14h24v23.94H79.16v-23.94H55.21Z' fill='%23a1a1a1'/%3E%3Cpath class='cls-1' d='M420.4 428v24.8h-195V428c.7-1.53 2.11-1.78 3.55-1.94a48.57 48.57 0 0 1 5.12-.17h177.66c2.95.11 6.36-.98 8.67 2.11ZM152.71 355.33h23.49a1.72 1.72 0 0 1 .31.29.7.7 0 0 1 .14.36v23.29h24.8c2 1.24 2 3.31 2 5.26q.24 19.08 0 38.16c0 2-.25 4-2 5.33h-24.8v-23.5a1.7 1.7 0 0 0-.3-.3.62.62 0 0 0-.36-.14h-23.28Z'/%3E%3Cpath class='cls-1' d='M127.91 355.33V331a1.64 1.64 0 0 1 .29-.3.62.62 0 0 1 .36-.14h24.15v24.8Z'/%3E%3Cpath class='cls-2' d='M201.46 428v-48.73c1.48-1.95 3.64-2 5.79-2 6-.09 11.95-.17 17.92.12 7-.27 14-.31 20.93-.08 5.06.17 5.88 1.07 6.13 6.13.21 4-.06 8 .17 12 .27 4.69 1.92 6.25 6.65 6.56 11.72.77 13-.4 13-12.27 0-12.46 0-12.47 12.37-12.48h30.76c2.41 0 4.86-.13 7.15.88a3.53 3.53 0 0 1 1.27.77c2.32 4.12 1.32 8.63 1.39 13 .15 9.66.55 10.16 10.16 10.16h.85c7.68 0 8.7-1 8.75-8.55v-8.54a11.49 11.49 0 0 1 1.24-5.78 3 3 0 0 1 1.23-1 13.24 13.24 0 0 1 5.42-.92c14.31 0 28.63-.21 42.94.11 6.25-.24 12.51-.16 18.76-.12a14.32 14.32 0 0 1 6.23 1.14c1.93 1.13 1.76 3.1 1.84 4.9.2 4 0 7.93.14 11.88.2 5 1.73 6.58 6.68 6.8 3.26.15 6.51 0 9.77.1 2 .07 4 .29 5.33 2.06V428H201.46Z'/%3E%3Cpath class='cls-1' d='M79.16 87.67v48.74H55.21V87.67ZM104 62.87v24.8H79.16v-24.8ZM444.34 136.41H420.4v-24.8h23.94ZM395.59 87.67h-23.94v-24.8h23.94ZM420.4 111.61h-24.81V87.67h24.81Z'/%3E%3Cpath d='M322.9 379.27h-48.27a2.07 2.07 0 0 0-.31.27.68.68 0 0 0-.16.36v24h-23.67c.06.06-.06 0-.14-.14a.7.7 0 0 1-.14-.36v-24.15H225.4c-.46-.52-1.24-.92-1.33-1.59-.92-7.32-1.93-14.66.63-21.89l.7-.46h72.7c4-3.06 20.75-3.06 24.8 0 3.1 4.03 3.1 20.08 0 23.96ZM274.15 257.84H225.4V209.1c1.37-1.8 3.35-2 5.37-2q19-.19 38 0c2 0 4 .24 5.37 2 1.8 1.36 2 3.34 2 5.37q.19 19 0 38c.03 2.03-.14 4.01-1.99 5.37ZM395.59 257.84h-48.74V209.1c1.36-1.8 3.34-2 5.36-2q19-.19 38 0c2 0 4 .24 5.37 2 1.81 1.36 2 3.34 2 5.37q.21 19 0 38c.03 2.03-.18 4.01-1.99 5.37Z'/%3E%3Cpath class='cls-1' d='M395.59 257.84V209.1H420c.64 3.58.85 35.66.29 48.74Z'/%3E%3Cpath d='M444.34 404.07H420.4v-24.8c-3-4-3-19.92 0-23.94h23.94v48.74ZM395.59 379.27h-48.74c-.36-.45 0 .24-.35-.23-2.73-3.92-2.49-20 .35-23.71h24.8c4-3 19.93-3 23.94 0 3.04 4.02 3.04 19.93 0 23.94Z'/%3E%3Cpath class='cls-1' d='M274.15 209.1H225.4v-23.5c3.58-.64 35.65-.85 48.75-.3ZM395.59 209.1h-48.74v-23.5c3.58-.64 35.65-.85 48.74-.3ZM274.15 257.84V209.1h23.5c.64 3.58.85 35.65.3 48.74ZM322.9 355.33h-24.8V331a1.64 1.64 0 0 1 .29-.3.62.62 0 0 1 .36-.14h24.15ZM395.59 355.33h-23.94V331a1.64 1.64 0 0 1 .29-.3.62.62 0 0 1 .36-.14h23.29Z'/%3E%3Cpath d='M201.46 355.33V331a1.64 1.64 0 0 1 .29-.3.62.62 0 0 1 .36-.14h23.29v24.8c-4.01 3-19.93 3-23.94-.03Z'/%3E%3Cpath class='cls-1' d='M127.78 136.53v23.73h-23.64v-23.73ZM346.85 355.33v23.94c-4 3-19.93 3-24 0v-23.94ZM152.83 111.49V87.76h23.64v23.73Z'/%3E%3Cpath d='M322.9 379.27h24v24.35a2.07 2.07 0 0 1-.29.3.67.67 0 0 1-.37.15H322.9Z'/%3E%3Cpath class='cls-1' d='M127.79 136.27V111.7h24.91v24.57ZM201.45 379.25v-23.91h23.94v23.91ZM395.57 379.25v-23.91h24.86v23.91Z'/%3E%3Cpath class='cls-4' d='M469.17 404.08v-73.61h23.92v73.61ZM469.17 257.76v-72.61h23.92v72.61Z'/%3E%3C/svg%3E%0A",
                ),
                decimals: 8,
            },
        },
        FtBalance {
            amount: U128(
                679025488763879906968245,
            ),
            contract_account_id: AccountId(
                "wrap.near",
            ),
            metadata: Metadata {
                name: "Wrapped NEAR fungible token",
                symbol: "wNEAR",
                icon: None,
                decimals: 24,
            },
        },
    ],
)
