---
source: src/modules/coin/data_provider/metadata.rs
expression: metadata
---
Err(
    Error {
        code: 400,
        message: "Invalid Input: The account `comic.paras.near` does not implement any suitable contract at block 68000000",
        retriable: false,
    },
)
