---
source: src/modules/coin/data_provider/history.rs
expression: balance
---
Err(
    Error {
        code: 400,
        message: "Invalid Input: account_id two-idiots-and-a-half.near does not exist at block_height 68000000",
        retriable: false,
    },
)
